// Jest Snapshot v1, https://goo.gl/fbAQLP

exports[`loads the App properly 1`] = `ReactWrapper {}`;
